Processing message...
Failed. Check error log for details.
Processed!
