Connecting RabbitMQ...
Connected.
Opening channel...
Done.
Setting QoS... 
Succeeded setting QoS.
Declaring queue "test"...
Metrics disabled.
Registering consumer... 
Succeeded registering consumer.
Waiting for messages...
Compressed message
Processing message...
Processed!
