Connecting RabbitMQ...
Connected.
Opening channel...
Done.
Setting QoS... 
Succeeded setting QoS.
Declaring queue "test"...
Metrics disabled.
Registering consumer... 
Succeeded registering consumer.
Waiting for messages...
Processing message...
Got executed
b3V0cHV0
output
Processed!
