Got executed
eNpKzs8tKEotLk5NAQQAAP//Fz8ENg==
compressed
